■ all_log/r11_poolin_coqealgraphtheoryfourcolorreglang_val.jsonl
   167지점 · 그룹 4

   설정                           파라    지점      @5     @10     @20       중앙
   전체 13특징                      43   110    33.6%    39.1%    44.5%       32

   − lcp                        37   110    30.0%    34.5%    42.7%       32
   − lgg                        37   110    16.4%    24.5%    30.9%       39
   − e                          37   110    32.7%    37.3%    42.7%       33
   − z                          38   110    32.7%    39.1%    42.7%       35
   − nm                         42   110    33.6%    39.1%    44.5%       32
   − ing                        41   110    34.5%    39.1%    43.6%       33
   − hp                         38   110    34.5%    39.1%    44.5%       30
   − occ                        42   110    33.6%    39.1%    44.5%       32
   − idf                        39   110    45.5%    49.1%    58.2%        6
   − ch                         39   110    34.5%    37.3%    45.5%       24
   − lex                        43   110    33.6%    39.1%    44.5%       32
   − nov                        42   110    33.6%    39.1%    44.5%       32
   − std                        41   110    35.5%    36.4%    40.0%       35
   − slen                       43   110    33.6%    39.1%    44.5%       32
   − nbind                      43   110    33.6%    39.1%    44.5%       32
   − nsym                       43   110    33.6%    39.1%    44.5%       32

■ 빼면 @10 이 얼마나 변하나 (기준 39.1%)
   lgg     -14.5pp   ★필수
   lcp      -4.5pp   ★필수
   std      -2.7pp   ★필수
   e        -1.8pp   유용
   ch       -1.8pp   유용
   z        +0.0pp   무해
   nm       +0.0pp   무해
   ing      +0.0pp   무해
   hp       +0.0pp   무해
   occ      +0.0pp   무해
   lex      +0.0pp   무해
   nov      +0.0pp   무해
   slen     +0.0pp   무해
   nbind    +0.0pp   무해
   nsym     +0.0pp   무해
   idf     +10.0pp   ★빼면 좋음

■ 조합 — 말뭉치 없는 특징만으로
   설정                           파라    지점      @5     @10     @20       중앙
   ① 핵심 5개                      24   110    39.1%    45.5%    51.8%       12
   ② 핵심 + slen/nbind/nsym       24   110    39.1%    45.5%    51.8%       12
   ③ 핵심 + idf                   28   110    33.6%    38.2%    41.8%       42
   ④ 전체 − idf                   39   110    45.5%    49.1%    58.2%        6
   ⑤ lgg 단독                      6   110    31.8%    32.7%    40.0%       37
   ⑥ lgg + lcp                  12   110    45.5%    48.2%    51.8%        6
ABLATE_DONE
