   [v9_env] 27개 적용: AUGMENT_V2=1 CUTS_PATH=data/cut_plans_all.jsonl CUT_DROP_HOPELESS=1 DEFS_TOKENS=300 DP_CACHE_SIZE=2048 DYNAMIC_PADDING=1 …
■ 검색 비용 분해   data_points 13,894 파일 · stage1=5,000

   [compcert] 파일 214개
   ── compcert  (스텝 60)
      풀 크기   중앙 2,135 · 최소 0 · 최대 3,477
      ① 풀 조립                   3.37 ms    13.4%
      ② premise 토큰화            5.36 ms    21.2%
      ③ tfidf                  5.27 ms    20.9%
      ④ eqx 재랭킹               11.24 ms    44.5%
      합계                      25.23 ms   (중앙 20.9 ms)

   [fourcolor] 파일 115개
   ── fourcolor  (스텝 60)
      풀 크기   중앙 2,858 · 최소 2,237 · 최대 9,818
      ① 풀 조립                   3.13 ms     7.9%
      ② premise 토큰화            9.43 ms    23.7%
      ③ tfidf                  7.99 ms    20.1%
      ④ eqx 재랭킹               19.27 ms    48.4%
      합계                      39.82 ms   (중앙 24.3 ms)

   ── 전체 무작위(대조)  (스텝 60)
      풀 크기   중앙 0 · 최소 0 · 최대 4,934
      ① 풀 조립                   0.95 ms     7.3%
      ② premise 토큰화            1.06 ms     8.2%
      ③ tfidf                  1.40 ms    10.7%
      ④ eqx 재랭킹                9.60 ms    73.8%
      합계                      13.00 ms   (중앙 0.4 ms)

■ 요약
   프로젝트                        풀(중앙)    ③ tfidf      ④ eqx         합계  eqx 비중
   compcert                    2,135      5.27ms     11.24ms     25.23ms    44.5%
   fourcolor                   2,858      7.99ms     19.27ms     39.82ms    48.4%
   전체 무작위(대조)                      0      1.40ms      9.60ms     13.00ms    73.8%

   ※ ④ 는 stage1 상한이 걸려 풀이 커져도 안 는다. ②③ 은 풀에 비례한다.
     → 풀이 클수록 eqx 비중은 **줄어든다**. eqx 를 빼도 그만큼밖에 못 줄인다.
