■ 데이터 경로 비용   TRAIN 2,009,606 · 캐시된 파일 3,102개
   캐시 위치 /tmp/ft-qwen3b-v9-cache

   인덱스 370개 훑어 히트 120 · 미스 40 확보
   → 표본 히트율 32.4% (캐시 3,102파일 기준)

■ 측정

      HIT  20/120 · 중앙값 10ms
      HIT  40/120 · 중앙값 8ms
      HIT  60/120 · 중앙값 8ms
      HIT  80/120 · 중앙값 7ms
      HIT  100/120 · 중앙값 7ms
      HIT  120/120 · 중앙값 7ms
      MISS 20/40 · 중앙값 239ms
      MISS 40/40 · 중앙값 198ms

■ 결과

             n        평균       중앙값       p90        최대
   HIT     120       33ms        7ms       24ms     1641ms
   MISS     40     1364ms      198ms     5380ms    16507ms

   페이지 빌드 순비용 = MISS − HIT = 1331ms/건
   남은 미빌드 파일 10,794개 (전체 13,896 · 캐시 3,102)

   ▸ 완전 워밍 상태  32 샘플/스텝 ÷ 워커 6 × GPU 2
       스텝당    0.09 s/it
       20,000 스텝     0.5 시간
   ▸ 워밍 비용(1회)     0.3 시간  ← 미빌드 10,794파일
   ▸ 1에폭 전체        1.9 시간
