##### CompCert · 우리 주입 ON (현재 설정) #####

★ cut 파일 커버리지 부족 — 조용히 기능이 죽는다.
   파일        data/cut_plans_all.jsonl
   스캔 범위    [0, 0)
   필요 범위    [0, 177,207)   (Split.TEST)
   범위 밖 스텝은 cut 치환도 CUT_DROP_HOPELESS 도 작동하지 않는다.
   메우려면:  python3 scripts/build_cuts.py 197207 test <out> 0
   (의도한 부분 실행이면 CUTS_ALLOW_PARTIAL=1)

   … 200/400 (199s)
   … 400/400 (383s)

■ TEST/AbsInt-CompCert · AUGMENT_V2=1 · 예제 400

     ① 패킹에서 탈락 (검색엔 있었다)                76  ( 76.8%)
     ② 절단에서 탈락 (프롬프트엔 있었다)               2  (  2.0%)
     ③ 검색에도 없다                          21  ( 21.2%)
   2048 초과                              96  ( 24.0%)
   ★ [PREMISES] 헤더가 절단됨                 96  ( 24.0%)
   ★ 결손 이름                              99  ( 24.8%)
   예제                                  400  (100.0%)
   평균 토큰                                1803

##### CompCert · AUGMENT_V2=0 (rango 원본 프롬프트 모양) #####

★ cut 파일 커버리지 부족 — 조용히 기능이 죽는다.
   파일        data/cut_plans_all.jsonl
   스캔 범위    [0, 0)
   필요 범위    [0, 177,207)   (Split.TEST)
   범위 밖 스텝은 cut 치환도 CUT_DROP_HOPELESS 도 작동하지 않는다.
   메우려면:  python3 scripts/build_cuts.py 197207 test <out> 0
   (의도한 부분 실행이면 CUTS_ALLOW_PARTIAL=1)

   … 200/400 (192s)
   … 400/400 (368s)

■ TEST/AbsInt-CompCert · AUGMENT_V2=0 · 예제 400

     ① 패킹에서 탈락 (검색엔 있었다)                 7  ( 24.1%)
     ② 절단에서 탈락 (프롬프트엔 있었다)               2  (  6.9%)
     ③ 검색에도 없다                          20  ( 69.0%)
   2048 초과                              80  ( 20.0%)
   ★ [PREMISES] 헤더가 절단됨                 80  ( 20.0%)
   ★ 결손 이름                              29  (  7.2%)
   예제                                  400  (100.0%)
   평균 토큰                                1521
[BLAME_DONE]
