[08-21 12:50] 3차 시작 — VAL n=1500 · rrf,eq,structural,gate
[08-21 13:04] 3차 시작 — TEST n=1500 · rrf,eq,eqa,structural (질의 충실화 후 재측정)
[08-21 13:17] 3차 시작 — TEST n=1500 · rrf,eq,eqa,structural (질의 충실화 후 재측정)
[08-21 13:44] 3b차 시작 — TEST n=1500 · C_RENAME=1 · rrf,eq,eqa,eqx,afh95,afh90,afh80,structural
[08-21 13:44] 3b차 완료 → all_log/au_research/round3b_test_rename.log
[08-21 13:44] 4차 시작 — VAL n=1500 · C_RENAME=1 · rrf,eq,eqa,eqx,afh95,afh90,afh80,structural
[08-21 13:44] 4차 완료 → all_log/au_research/round4_val.log
[08-21 13:44] 연구 체인 종료
[08-21 14:11] 사전 자기검사 통과
[08-21 14:11] 3b차 시작 — test n=1500 · C_RENAME=1 · rrf,eq,eqa,eqx,afh95,afh90,afh80,structural
[08-21 14:35] 3b차 완료 → all_log/au_research/round3b_test_rename.log
[08-21 14:35] 4차 시작 — val n=1500 · C_RENAME=1 · rrf,eq,eqa,eqx,afh95,afh90,afh80,structural
[08-21 14:37] 5차 시작 — TEST n=1500 · C_RENAME=1 · τ 스윕 eqx,afh90,afh80,afh70,afh60,afh50,afh40,rrf
[08-21 14:44] 5차 대기 — TEST n=1500 · C_RENAME=1 · tfidf,rrf,structural,eq,eqx,afh90,afh80,afh70,afh60,afh50
[08-21 14:52] 4차 완료 → all_log/au_research/round4_val.log
[08-21 14:52] 연구 체인 종료 — 전 회차 결과 확인됨
[08-21 14:53] ★★ 5차 실패 — 결과 표가 없다
알 수 없는 랭커: ['afh70', 'afh60', 'afh50']
사용 가능: ['afh100', 'afh80', 'afh90', 'afh95', 'allsig', 'au', 'au0', 'au1', 'au10', 'au20', 'au2sig', 'au50', 'au75', 'au_eq', 'auf', 'auf05', 'auf2', 'aufh', 'aufh80', 'aufh95', 'aul', 'aul05', 'aul2', 'cooc', 'cov', 'ctr', 'eq', 'eqa', 'eqcov', 'eqx', 'gate', 'gate80', 'gate95', 'gbdt', 'hyp', 'nsub', 'rrf', 'struct', 'structural', 'structural_mmr', 'sub', 'tfidf']
[08-21 14:53] 6차 대기 — VAL n=1500 · C_RENAME=1 · tfidf,rrf,structural,eq,eqx,afh90,afh80,afh70,afh60,afh50
[08-21 14:53] ★★ 6차 실패
알 수 없는 랭커: ['afh70', 'afh60', 'afh50']
사용 가능: ['afh100', 'afh80', 'afh90', 'afh95', 'allsig', 'au', 'au0', 'au1', 'au10', 'au20', 'au2sig', 'au50', 'au75', 'au_eq', 'auf', 'auf05', 'auf2', 'aufh', 'aufh80', 'aufh95', 'aul', 'aul05', 'aul2', 'cooc', 'cov', 'ctr', 'eq', 'eqa', 'eqcov', 'eqx', 'gate', 'gate80', 'gate95', 'gbdt', 'hyp', 'nsub', 'rrf', 'struct', 'structural', 'structural_mmr', 'sub', 'tfidf']
[08-21 14:53] τ 스윕 체인 종료
[08-21 14:56] 5차 TEST τ스윕 대기 — test n=3000 · C_RENAME=1 · tfidf,rrf,structural,eq,eqx,afh90,afh80,afh70,afh60,afh50
[08-21 15:49] 5차 TEST τ스윕 완료 → all_log/au_research/round5_tau.log
[08-21 15:49] 6차 VAL τ스윕 대기 — val n=3000 · C_RENAME=1 · tfidf,rrf,structural,eq,eqx,afh90,afh80,afh70,afh60,afh50
[08-21 16:20] 6차 VAL τ스윕 완료 → all_log/au_research/round6_val_tau.log
[08-21 16:20] τ 스윕 체인 종료
