■ gold 붙임 450/450 (dn_rank.jsonl)
■ 4형태 재분류 168/315
■ lex/gnames 부착 315/315
■ all_log/dn_pool.jsonl · 315지점 · 그룹 162 → 5겹
   겹 1/5 (평가 63지점)
   겹 2/5 (평가 51지점)
   겹 3/5 (평가 61지점)
   겹 4/5 (평가 67지점)
   겹 5/5 (평가 73지점)

■ 자기 채널 안에서의 gold 순위 (그룹 leave-one-out · 분모 = 전체 지점)
   형태          랭커            지점      @5     @10     @20     @50     순위중앙
   전체          공통           178   71.9%   79.2%   84.3%   89.3%        1
               ★채널별         178   74.2%   79.2%   85.4%   89.3%        1
   apply       공통           118   72.9%   82.2%   84.7%   91.5%        1
               ★채널별         118   76.3%   82.2%   87.3%   91.5%        1
   apply-in    공통             3  100.0%  100.0%  100.0%  100.0%        1
               ★채널별           3   66.7%  100.0%  100.0%  100.0%        1
   rewrite     공통            52   71.2%   75.0%   84.6%   84.6%        2
               ★채널별          52   73.1%   75.0%   84.6%   86.5%        2
   rewrite-in  공통             5   40.0%   40.0%   60.0%   80.0%        9
               ★채널별           5   40.0%   40.0%   40.0%   60.0%       18

CHAN_RANKER_DONE
