   [v9_env] 27개 적용: AUGMENT_V2=1 CUTS_PATH=data/cut_plans_all.jsonl CUT_DROP_HOPELESS=1 DEFS_TOKENS=300 DP_CACHE_SIZE=2048 DYNAMIC_PADDING=1 …
   … 20/60
   … 40/60
   … 60/60

■ 후보의 깊이 분포  (A 국면 질의 60건 · 후보 78,745개)

       깊이         개수       비율   누적(≥)
    ∞(일치)          3    0.00%      0.00%
      >=5        528    0.67%      0.67%
        4      2,463    3.13%      3.80%
        3      4,968    6.31%     10.11%
        2     49,751   63.18%     73.29%
        1     11,149   14.16%     87.45%
        0      9,883   12.55%    100.00%

■ gold 는 깊이로 올라오는가  (gold 를 찾은 24건)

   gold 의 깊이 분포: {0: 4, 1: 3, 2: 11, 3: 2, 4: 2, 6: 1, 99: 1}

   사전식 정렬에서 gold **위에** 오는 후보 수
     중앙 0 · p25 0 · p75 59 · 최대 4,209
     0개(=gold 가 최상위 등급) 16/24 = 66.7%
     50개 초과(=프롬프트에서 밀려남) 6/24 = 25.0%

   ※ '위에 오는 후보' 가 50 을 넘으면 사전식만으로는 gold 가 top-50 밖이다.
     그 안에서 RRF 가 다시 정렬하지만, **등급이 RRF 를 지배**하므로 못 끌어올린다.
