   [v9_env] 35개 적용: ADMIT_MIN_FILES=2 AUGMENT_V2=1 CUTS_PATH=data/cut_plans_all.jsonl CUT_DROP_HOPELESS=1 DEFS_TOKENS=300 DP_CACHE_SIZE=2048 …
   … 300/1500 (133s)
   … 700/1500 (294s)
   … 1200/1500 (453s)
   … 1400/1500 (524s)

■ 결과 (예제 1500)

     (SSReflect) 외부참조 쓰는 예제               11
     (stdlib — 안다고 가정)                    25
     (참고) stdlib 포함하면 결손 있는 예제            24
     (참고) 그 tactic 이름도 안 보임                9
     (참고) 정답 첫 토큰이 비표준 tactic             46
     외부 참조 없음                           1328
     외부 참조 이름 수                          211
   ★ 외부 참조를 쓰는 예제                        172
   예제                                   1500

   ★★ **외부 참조를 쓰는 예제 중 환각** 0/172 = 0.0%
   (참고) 전체 예제 대비 0.0%

   ■ 이름 종류별  (안 보임 / 전체)
     Constructor          0 /    13  (  0.0% 안 보임)  결손 중   0.0%
     Fact                 0 /     2  (  0.0% 안 보임)  결손 중   0.0%
     Axiom                0 /    11  (  0.0% 안 보임)  결손 중   0.0%
     Proposition          0 /     2  (  0.0% 안 보임)  결손 중   0.0%
     미상                   0 /    30  (  0.0% 안 보임)  결손 중   0.0%
     Theorem              0 /     5  (  0.0% 안 보임)  결손 중   0.0%
     Field                0 /    29  (  0.0% 안 보임)  결손 중   0.0%
     Corollary            0 /     2  (  0.0% 안 보임)  결손 중   0.0%
     Fixpoint             0 /     4  (  0.0% 안 보임)  결손 중   0.0%
     Instance             0 /     1  (  0.0% 안 보임)  결손 중   0.0%
     Definition           0 /    75  (  0.0% 안 보임)  결손 중   0.0%
     Lemma                0 /    37  (  0.0% 안 보임)  결손 중   0.0%
