##### H1: 기준 (검사기v2 · 주입 off · 풀 원본) #####
   [v9_env] 27개 적용: AUGMENT_V2=1 CUTS_PATH=data/cut_plans_all.jsonl CUT_DROP_HOPELESS=1 DEFS_TOKENS=300 DP_CACHE_SIZE=2048 DYNAMIC_PADDING=1 …
   … 300/2000 (129s)
   … 700/2000 (275s)
   … 1200/2000 (409s)
   … 1400/2000 (472s)

■ 결과 (예제 2000)

     (SSReflect) 외부참조 쓰는 예제               26
     (stdlib — 안다고 가정)                    29
     (참고) stdlib 포함하면 결손 있는 예제            70
     (참고) 그 tactic 이름도 안 보임               15
     (참고) 정답 첫 토큰이 비표준 tactic             61
     ├ SSReflect 환각                       11
     ├ 비-SSReflect 환각                     31
     안 보이는 이름 수                           48
     외부 참조 없음                           1726
     외부 참조 이름 수                          346
   ★ 외부 참조를 쓰는 예제                        274
   ★★ 그중 환각(하나라도 안 보임)                    42
   예제                                   2000

   ★★ **외부 참조를 쓰는 예제 중 환각** 42/274 = 15.3%
   (참고) 전체 예제 대비 2.1%

   ■ 이름 종류별  (안 보임 / 전체)
     Definition          24 /   133  ( 18.0% 안 보임)  결손 중  50.0%
     Lemma                9 /    54  ( 16.7% 안 보임)  결손 중  18.8%
     Constructor          6 /    21  ( 28.6% 안 보임)  결손 중  12.5%
     미상                   5 /    52  (  9.6% 안 보임)  결손 중  10.4%
     Fact                 2 /     5  ( 40.0% 안 보임)  결손 중   4.2%
     Field                1 /    51  (  2.0% 안 보임)  결손 중   2.1%
     Fixpoint             1 /     7  ( 14.3% 안 보임)  결손 중   2.1%
     Axiom                0 /    10  (  0.0% 안 보임)  결손 중   0.0%
     Theorem              0 /     6  (  0.0% 안 보임)  결손 중   0.0%
     Corollary            0 /     2  (  0.0% 안 보임)  결손 중   0.0%
     Proposition          0 /     4  (  0.0% 안 보임)  결손 중   0.0%
     Instance             0 /     1  (  0.0% 안 보임)  결손 중   0.0%

   ■ ★ SSReflect 환각 스텝만 제외했을 때
     현재            환각 42/274 = 15.3%
       ├ SSReflect     11건 (26% of 환각)
       └ 비-SSReflect  31건 (74%)
     제외 후          환각 31/263 = 11.8%
     대가             외부참조 예제의 4.0% 제외 · 전체 예제의 0.55%
     (참고) SSReflect 는 외부참조 예제의 9.5%, 그중 환각률 42.3%
     (참고) **모든** SSReflect 를 제외하면 환각 31/248 = 12.5% · 대가 전체의 1.30%

   ■ tactic 종류별  (외부참조 쓰는 예제 / 환각 / 비율)
     tactic                 씀      환각      환각률      외부참조 없음
     apply                 51       7    13.7%          151
     xact                  43       0     0.0%           24
     assert                31       6    19.4%           49
     rewrite               22       3    13.6%           91
     unfold                13       0     0.0%           40
     have                  12       4    33.3%            4
     destruct              10       1    10.0%           69
     move                   7       3    42.9%           12
     now                    5       0     0.0%           12
     replace                5       0     0.0%            7
     auto                   5       0     0.0%           15
     exists                 4       1    25.0%           28
     change                 4       0     0.0%            0
     srapply                3       2    66.7%            0
     proof                  3       1    33.3%          157
     pose                   3       1    33.3%            1
     generalize             3       0     0.0%            6
     by                     3       1    33.3%           12

   ■ '미상' 실제 예 (오탐 확인용)
     Build_Diagram            ← srapply Build_Diagram.
     TyUni                    ← capply TyUni.
     ZeroR                    ← assert (forall n, ZeroR [<] nring (S n)) as H_asrt0.
     Hcmp'                    ← destruct (AsciiOT.compare c2 c1) as [? | ? | ?] f1:Hcmp'.
     OneR                     ← astepl (OneR[*]one_div_succ (n + (n + (n + 0)) + 2)[+]
   (T

##### H2: + 주입 (파일내 notation · 프로젝트 notation · 역인덱스) #####
   [v9_env] 27개 적용: AUGMENT_V2=1 CUTS_PATH=data/cut_plans_all.jsonl CUT_DROP_HOPELESS=1 DEFS_TOKENS=300 DP_CACHE_SIZE=2048 DYNAMIC_PADDING=1 …
   … 300/2000 (118s)
   … 700/2000 (256s)
   … 1200/2000 (391s)
   … 1400/2000 (454s)

■ 결과 (예제 2000)

     (SSReflect) 외부참조 쓰는 예제               26
     (stdlib — 안다고 가정)                    29
     (참고) stdlib 포함하면 결손 있는 예제            68
     (참고) 그 tactic 이름도 안 보임               15
     (참고) 정답 첫 토큰이 비표준 tactic             61
     ├ SSReflect 환각                       11
     ├ 비-SSReflect 환각                     29
     안 보이는 이름 수                           46
     외부 참조 없음                           1724
     외부 참조 이름 수                          352
   ★ 외부 참조를 쓰는 예제                        276
   ★★ 그중 환각(하나라도 안 보임)                    40
   예제                                   2000

   ★★ **외부 참조를 쓰는 예제 중 환각** 40/276 = 14.5%
   (참고) 전체 예제 대비 2.0%

   ■ 이름 종류별  (안 보임 / 전체)
     Definition          24 /   135  ( 17.8% 안 보임)  결손 중  52.2%
     Lemma                9 /    54  ( 16.7% 안 보임)  결손 중  19.6%
     미상                   5 /    55  (  9.1% 안 보임)  결손 중  10.9%
     Constructor          4 /    21  ( 19.0% 안 보임)  결손 중   8.7%
     Fact                 2 /     5  ( 40.0% 안 보임)  결손 중   4.3%
     Field                1 /    51  (  2.0% 안 보임)  결손 중   2.2%
     Fixpoint             1 /     7  ( 14.3% 안 보임)  결손 중   2.2%
     Corollary            0 /     2  (  0.0% 안 보임)  결손 중   0.0%
     Theorem              0 /     6  (  0.0% 안 보임)  결손 중   0.0%
     Proposition          0 /     4  (  0.0% 안 보임)  결손 중   0.0%
     Axiom                0 /    11  (  0.0% 안 보임)  결손 중   0.0%
     Instance             0 /     1  (  0.0% 안 보임)  결손 중   0.0%

   ■ ★ SSReflect 환각 스텝만 제외했을 때
     현재            환각 40/276 = 14.5%
       ├ SSReflect     11건 (28% of 환각)
       └ 비-SSReflect  29건 (72%)
     제외 후          환각 29/265 = 10.9%
     대가             외부참조 예제의 4.0% 제외 · 전체 예제의 0.55%
     (참고) SSReflect 는 외부참조 예제의 9.4%, 그중 환각률 42.3%
     (참고) **모든** SSReflect 를 제외하면 환각 29/250 = 11.6% · 대가 전체의 1.30%

   ■ tactic 종류별  (외부참조 쓰는 예제 / 환각 / 비율)
     tactic                 씀      환각      환각률      외부참조 없음
     apply                 51       7    13.7%          151
     xact                  43       0     0.0%           24
     assert                31       6    19.4%           49
     rewrite               22       3    13.6%           91
     unfold                14       0     0.0%           39
     have                  12       4    33.3%            4
     destruct              10       1    10.0%           69
     move                   7       3    42.9%           12
     replace                6       0     0.0%            6
     now                    5       0     0.0%           12
     auto                   5       0     0.0%           15
     exists                 4       1    25.0%           28
     change                 4       0     0.0%            0
     srapply                3       2    66.7%            0
     proof                  3       1    33.3%          157
     pose                   3       1    33.3%            1
     generalize             3       0     0.0%            6
     by                     3       1    33.3%           12

   ■ '미상' 실제 예 (오탐 확인용)
     Build_Diagram            ← srapply Build_Diagram.
     TyUni                    ← capply TyUni.
     ZeroR                    ← assert (forall n, ZeroR [<] nring (S n)) as H_asrt0.
     Hcmp'                    ← destruct (AsciiOT.compare c2 c1) as [? | ? | ?] f1:Hcmp'.
     OneR                     ← astepl (OneR[*]one_div_succ (n + (n + (n + 0)) + 2)[+]
   (T

##### H3: + 풀 확대 (실제로 쓰인 이름 되살리기) #####
   [v9_env] 27개 적용: AUGMENT_V2=1 CUTS_PATH=data/cut_plans_all.jsonl CUT_DROP_HOPELESS=1 DEFS_TOKENS=300 DP_CACHE_SIZE=2048 DYNAMIC_PADDING=1 …
   … 300/2000 (119s)
   … 700/2000 (252s)
   … 1200/2000 (393s)
   … 1400/2000 (456s)

■ 결과 (예제 2000)

     (SSReflect) 외부참조 쓰는 예제               25
     (stdlib — 안다고 가정)                    28
     (참고) stdlib 포함하면 결손 있는 예제            67
     (참고) 그 tactic 이름도 안 보임               15
     (참고) 정답 첫 토큰이 비표준 tactic             61
     ├ SSReflect 환각                       12
     ├ 비-SSReflect 환각                     27
     안 보이는 이름 수                           42
     외부 참조 없음                           1727
     외부 참조 이름 수                          346
   ★ 외부 참조를 쓰는 예제                        273
   ★★ 그중 환각(하나라도 안 보임)                    39
   예제                                   2000

   ★★ **외부 참조를 쓰는 예제 중 환각** 39/273 = 14.3%
   (참고) 전체 예제 대비 1.9%

   ■ 이름 종류별  (안 보임 / 전체)
     Definition          21 /   131  ( 16.0% 안 보임)  결손 중  50.0%
     Lemma                9 /    54  ( 16.7% 안 보임)  결손 중  21.4%
     미상                   5 /    55  (  9.1% 안 보임)  결손 중  11.9%
     Constructor          4 /    21  ( 19.0% 안 보임)  결손 중   9.5%
     Fact                 2 /     5  ( 40.0% 안 보임)  결손 중   4.8%
     Field                1 /    50  (  2.0% 안 보임)  결손 중   2.4%
     Proposition          0 /     4  (  0.0% 안 보임)  결손 중   0.0%
     Fixpoint             0 /     6  (  0.0% 안 보임)  결손 중   0.0%
     Instance             0 /     1  (  0.0% 안 보임)  결손 중   0.0%
     Theorem              0 /     5  (  0.0% 안 보임)  결손 중   0.0%
     Axiom                0 /    12  (  0.0% 안 보임)  결손 중   0.0%
     Corollary            0 /     2  (  0.0% 안 보임)  결손 중   0.0%

   ■ ★ SSReflect 환각 스텝만 제외했을 때
     현재            환각 39/273 = 14.3%
       ├ SSReflect     12건 (31% of 환각)
       └ 비-SSReflect  27건 (69%)
     제외 후          환각 27/261 = 10.3%
     대가             외부참조 예제의 4.4% 제외 · 전체 예제의 0.60%
     (참고) SSReflect 는 외부참조 예제의 9.2%, 그중 환각률 48.0%
     (참고) **모든** SSReflect 를 제외하면 환각 27/248 = 10.9% · 대가 전체의 1.25%

   ■ tactic 종류별  (외부참조 쓰는 예제 / 환각 / 비율)
     tactic                 씀      환각      환각률      외부참조 없음
     apply                 51       7    13.7%          152
     xact                  41       0     0.0%           26
     assert                29       5    17.2%           48
     rewrite               21       3    14.3%           93
     unfold                14       0     0.0%           39
     have                  12       5    41.7%            4
     destruct              11       1     9.1%           69
     move                   7       3    42.9%           12
     now                    5       0     0.0%           12
     replace                5       0     0.0%            7
     auto                   5       0     0.0%           15
     exists                 4       1    25.0%           28
     cut                    4       1    25.0%            5
     srapply                3       2    66.7%            0
     proof                  3       1    33.3%          157
     pose                   3       1    33.3%            1
     generalize             3       0     0.0%            6
     by                     3       1    33.3%           12
     change                 3       0     0.0%            1

   ■ '미상' 실제 예 (오탐 확인용)
     Build_Diagram            ← srapply Build_Diagram.
     TyUni                    ← capply TyUni.
     ZeroR                    ← assert (forall n, ZeroR [<] f0 (S n)) as H_asrt0.
     Hcmp'                    ← destruct (AsciiOT.compare c2 c1) as [? | ? | ?] f1:Hcmp'.
     OneR                     ← astepl (OneR[*]one_div_succ (n + (n + (n + 0)) + 2)[+]
   (T
[H_DONE]
