■ VAL · 정리 100 · 프로젝트 4 · 병렬 2
   … 10/100 · 기록 24
   … 20/100 · 기록 43
   … 30/100 · 기록 63
   … 40/100 · 기록 83
   … 50/100 · 기록 104
   … 60/100 · 기록 126
   … 70/100 · 기록 142
   … 80/100 · 기록 163
   … 90/100 · 기록 187
   … 100/100 · 기록 211

■ 프로젝트별 gold 생존 (실제 파이프라인 · 지역변수 인자 제외)
   프로젝트                         지점       생존     지역제외
   bertrand                     47    85.1%        7
   qarith-stern-brocot          41    53.7%        9
   stalmarck                    40    60.0%        8
   sudoku                       40    75.0%       19
   —— 합계                       168    69.0%       43

■ VAL · r11 필터 (풀 = 네 채널 합집합 ap/in/rw/rwh)
   gold 형태         지점     우주중앙     필터후     축소     합집합회수     자기채널   자기채널
   apply           70   12,224     931  13.1배     92.9%    91.4%   ap
   rewrite         33   12,249     937  13.1배     93.9%    93.9%   rw
   rewrite-in       7   14,529   1,486   9.8배    100.0%    71.4%   rwh
   기타              58   12,576     853  14.7배     12.1%    12.1%   ap/in/rw/rwh
   —— 4형태 합       168                             65.5%

■ VAL · 나이브베이즈 (프로젝트 leave-one-out · 순위만 · 분모=전체지점)
   gold 형태         지점      @5     @10     @20     @50    @100     순위중앙
   전체             110   32.7%   45.5%   54.5%   73.6%   77.3%       11
   apply           70   47.1%   58.6%   62.9%   78.6%   80.0%        5
   rewrite         33    9.1%   27.3%   48.5%   69.7%   72.7%       17
   rewrite-in       7    0.0%    0.0%    0.0%   42.9%   71.4%       63

R11_VAL_DONE
