
════ [08-27 22:27] ① 커널검증 · 풀 전체(top2000) · 200정리 ════
■ 정리 156 · 지점 347 · top2000 검증 · 병렬 4
   … 10/156 · 지점 22 · gold 13
   … 20/156 · 지점 45 · gold 20
   … 30/156 · 지점 67 · gold 31
   … 40/156 · 지점 86 · gold 40
   … 50/156 · 지점 113 · gold 48
   … 60/156 · 지점 129 · gold 54
   … 70/156 · 지점 156 · gold 56
   … 80/156 · 지점 179 · gold 66
   … 90/156 · 지점 200 · gold 76
   … 100/156 · 지점 217 · gold 82
   … 110/156 · 지점 242 · gold 98
   … 120/156 · 지점 260 · gold 99
   … 130/156 · 지점 283 · gold 110
   … 140/156 · 지점 302 · gold 125
   … 150/156 · 지점 323 · gold 141

■ 커널 단일화 검증 (CompCert 333 지점 · 실패 6)
   검증 대상       1326개/지점
   ★ 통과          30.2개/지점   (44배 축소)
   gold 이 상위2000 에 있던 비율 60.4%
   ★ 그중 검증 통과            72.1%
   전체 지점 기준 gold 통과     43.5%
   · apply    202지점 · 통과   30.8개 · gold  45.5%
   · rewrite  131지점 · 통과   29.2개 · gold  40.5%
   정리당 5.1s
AV2000_DONE

════ [08-27 23:04] ② 커널검증 · top800 (비용 대비) ════
■ 정리 156 · 지점 347 · top800 검증 · 병렬 4
   … 10/156 · 지점 22 · gold 13
   … 20/156 · 지점 45 · gold 20
   … 30/156 · 지점 67 · gold 31
   … 40/156 · 지점 86 · gold 40
   … 50/156 · 지점 113 · gold 48
   … 60/156 · 지점 129 · gold 54
   … 70/156 · 지점 156 · gold 56
   … 80/156 · 지점 182 · gold 68
   … 90/156 · 지점 203 · gold 78
   … 100/156 · 지점 220 · gold 84
   … 110/156 · 지점 245 · gold 100
   … 120/156 · 지점 265 · gold 101
   … 130/156 · 지점 288 · gold 112
   … 140/156 · 지점 307 · gold 127
   … 150/156 · 지점 328 · gold 143

■ 커널 단일화 검증 (CompCert 338 지점 · 실패 4)
   검증 대상        624개/지점
   ★ 통과          27.6개/지점   (23배 축소)
   gold 이 상위800 에 있던 비율 60.4%
   ★ 그중 검증 통과            72.1%
   전체 지점 기준 gold 통과     43.5%
   · apply    206지점 · 통과   28.3개 · gold  45.1%
   · rewrite  132지점 · 통과   26.3개 · gold  40.9%
   정리당 4.3s
AV800_DONE

════ [08-27 23:38] ③ 커널검증 · top200 (노드예산 안) ════
■ 정리 156 · 지점 347 · top200 검증 · 병렬 4
   … 10/156 · 지점 22 · gold 13
   … 20/156 · 지점 45 · gold 20
   … 30/156 · 지점 67 · gold 30
   … 40/156 · 지점 86 · gold 39
   … 50/156 · 지점 113 · gold 47
   … 60/156 · 지점 131 · gold 53
   … 70/156 · 지점 158 · gold 55
   … 80/156 · 지점 184 · gold 67
   … 90/156 · 지점 205 · gold 77
   … 100/156 · 지점 222 · gold 83
   … 110/156 · 지점 247 · gold 99
   … 120/156 · 지점 267 · gold 100
   … 130/156 · 지점 290 · gold 111
   … 140/156 · 지점 309 · gold 125
   … 150/156 · 지점 330 · gold 140

■ 커널 단일화 검증 (CompCert 340 지점 · 실패 3)
   검증 대상        182개/지점
   ★ 통과          15.1개/지점   (12배 축소)
   gold 이 상위200 에 있던 비율 57.4%
   ★ 그중 검증 통과            73.8%
   전체 지점 기준 gold 통과     42.4%
   · apply    206지점 · 통과   15.0개 · gold  44.2%
   · rewrite  134지점 · 통과   15.3개 · gold  39.6%
   정리당 2.7s
AV200_DONE

════ [08-27 23:59] ④ TRAIN 데이터 복구 (tmpfs 초기화로 소실) ════
Traceback (most recent call last):
  File "/app/coq-modeling/scripts/recover_train_repos.py", line 72, in <module>
    db = sqlite3.connect(DB)
         ^^^^^^^^^^^^^^^^^^^
sqlite3.OperationalError: unable to open database file
RECOVER_DONE

════ [08-27 23:59] ⑤ Coq Search 8질의 경제판 (배포 지점 확인) ════
■ elaborate goal 405
■ 정리 156 · 질의지점 347 · 병렬 4
   … 10/156 · 지점 16 · 적중 14
   … 20/156 · 지점 30 · 적중 24
   … 30/156 · 지점 48 · 적중 40
   … 40/156 · 지점 64 · 적중 49
   … 50/156 · 지점 85 · 적중 64
   … 60/156 · 지점 101 · 적중 77
   … 70/156 · 지점 127 · 적중 95
   … 80/156 · 지점 153 · 적중 116
   … 90/156 · 지점 168 · 적중 124
   … 100/156 · 지점 182 · 적중 134
   … 110/156 · 지점 203 · 적중 155
   … 120/156 · 지점 219 · 적중 168
   … 130/156 · 지점 236 · 적중 180
   … 140/156 · 지점 249 · 적중 191
   … 150/156 · 지점 262 · 적중 204

■ Coq 내장 색인 · 질의지점 270 (정리 실패 0)
   ① gold 적중   211/270 = 78.1%
   ② 후보 수     2890.9개/지점   (현행 풀 ~2,100 대비 1배 축소)

   ── 사다리 단별 **누적** ──
      단         지점     누적 적중      누적 후보
      L0       270     34.8%       161개
      L1       264     52.7%       356개
      L2       257     68.9%      1187개
      L3       244     73.4%      1762개
      L4       161     68.3%      2144개
      L5       118     63.6%      2072개
      L6        93     64.5%      2320개
      L7        87     74.7%      4796개
   · apply    170 지점 · 적중  79.4% · 후보 1846.5개
   · rewrite  100 지점 · 적중  76.0% · 후보 4666.5개
ECON_DONE

════ [08-28 00:03] ⑥ 검증 결과 종합 ════

■ all_log/av_top200.jsonl  (340 지점)
   검증대상 중앙 195 → 통과 중앙 13
   gold 상위K에 57.4% · 통과 42.4%
   ★ 상위K 안에 있던 gold 의 생존율 73.8%
   · apply    206지점 통과중앙    12 gold  44.2%
   · rewrite  134지점 통과중앙    14 gold  39.6%

■ all_log/av_top2000.jsonl  (333 지점)
   검증대상 중앙 1,868 → 통과 중앙 23
   gold 상위K에 60.4% · 통과 43.5%
   ★ 상위K 안에 있던 gold 의 생존율 72.1%
   · apply    202지점 통과중앙    23 gold  45.5%
   · rewrite  131지점 통과중앙    23 gold  40.5%

■ all_log/av_top800.jsonl  (338 지점)
   검증대상 중앙 757 → 통과 중앙 22
   gold 상위K에 60.4% · 통과 43.5%
   ★ 상위K 안에 있던 gold 의 생존율 72.1%
   · apply    206지점 통과중앙    22 gold  45.1%
   · rewrite  132지점 통과중앙    22 gold  40.9%
NIGHT_DONE
