■ 랜덤 인덱스 사전점검   TRAIN 2,009,606 중 300건 (seed=12345)
   인덱스 범위 6,679 ~ 2,009,207 · 중앙 1,425,926


■ 결과 (300건 · 0s)

   P1 ★ RuntimeError                                   300  100.00%
        idx=1619852 
★ 예제 캐시가 **다른 설정**으로 만들어졌다 — 그대로 쓰면 조용히 다른 실험이 된다.
   캐시: /tmp/ft-qwen3b-v9-cache
   저장된 설정: 39a512a0827f2d30  RETRIEVAL_MODE=eqx RETRIEV
        idx=1949128 
★ 예제 캐시가 **다른 설정**으로 만들어졌다 — 그대로 쓰면 조용히 다른 실험이 된다.
   캐시: /tmp/ft-qwen3b-v9-cache
   저장된 설정: 39a512a0827f2d30  RETRIEVAL_MODE=eqx RETRIEV
        idx=1683695 
★ 예제 캐시가 **다른 설정**으로 만들어졌다 — 그대로 쓰면 조용히 다른 실험이 된다.
   캐시: /tmp/ft-qwen3b-v9-cache
   저장된 설정: 39a512a0827f2d30  RETRIEVAL_MODE=eqx RETRIEV

■ P6 구간별 분포 (cut 적용률)
     00%     23건  cut    0    0.0%
     10%     34건  cut    0    0.0%
     20%     17건  cut    0    0.0%
     30%     20건  cut    0    0.0%
     40%     16건  cut    0    0.0%
     50%     23건  cut    0    0.0%
     60%     16건  cut    0    0.0%
     70%     21건  cut    0    0.0%
     80%     20건  cut    0    0.0%
     90%    110건  cut    0    0.0%

★ 치명 항목:
   · P1 ★ RuntimeError  (300건)
