   [v9_env] 31개 적용: AUGMENT_V2=1 CUTS_PATH=data/cut_plans_all.jsonl CUT_DROP_HOPELESS=1 DEFS_TOKENS=300 DP_CACHE_SIZE=2048 DYNAMIC_PADDING=1 …
   … 300/2000 (122s)
   … 400/2000 (161s)
   … 700/2000 (268s)
   … 1100/2000 (376s)
   … 1200/2000 (412s)
   … 1400/2000 (478s)

■ 결과 (예제 2000)

     (SSReflect) 외부참조 쓰는 예제               20
     (stdlib — 안다고 가정)                    31
     (참고) stdlib 포함하면 결손 있는 예제            30
     (참고) 그 tactic 이름도 안 보임               11
     (참고) 정답 첫 토큰이 비표준 tactic             53
     외부 참조 없음                           1573
     외부 참조 이름 수                          588
   ★ 외부 참조를 쓰는 예제                        427
   예제                                   2000

   ★★ **외부 참조를 쓰는 예제 중 환각** 0/427 = 0.0%
   (참고) 전체 예제 대비 0.0%

   ■ 이름 종류별  (안 보임 / 전체)
     미상                   0 /    44  (  0.0% 안 보임)  결손 중   0.0%
     Definition           0 /   220  (  0.0% 안 보임)  결손 중   0.0%
     Corollary            0 /     2  (  0.0% 안 보임)  결손 중   0.0%
     Theorem              0 /     6  (  0.0% 안 보임)  결손 중   0.0%
     Field                0 /   147  (  0.0% 안 보임)  결손 중   0.0%
     Constructor          0 /    33  (  0.0% 안 보임)  결손 중   0.0%
     Fact                 0 /     3  (  0.0% 안 보임)  결손 중   0.0%
     Lemma                0 /    46  (  0.0% 안 보임)  결손 중   0.0%
     Instance             0 /     1  (  0.0% 안 보임)  결손 중   0.0%
     Axiom                0 /    71  (  0.0% 안 보임)  결손 중   0.0%
     Fixpoint             0 /    11  (  0.0% 안 보임)  결손 중   0.0%
     Proposition          0 /     4  (  0.0% 안 보임)  결손 중   0.0%
