■ 채널별 독립 K-사다리 (TRAIN 5겹 CV · +TFIDF 이산 후보)
  ap  (apply): TFIDF=68.8 K1=78.9 K2=81.9 K3=81.4 K4=82.0 → 선택 K2 {'lam': 0.2, 'rho': 1.0}
  in  (apply-in): TFIDF=50.5 K1=58.9 K2=59.9 K3=60.8 K4=61.2 → 선택 K3 {'beta': 0.0, 'lam': 0.05, 'rho': 1.0}
  rw  (rewrite): TFIDF=61.2 K1=43.0 K2=62.4 K3=63.2 K4=65.9 → 선택 K4 {'beta': 0.5, 'lam': 0.5, 'mu': -1.0, 'rho': 8.0}
  rwh (rewrite-in): TFIDF=47.5 K1=35.6 K2=40.7 K3=40.7 K4=42.1 → 선택 TFIDF 

■ TRAIN · PERCHAN(채널별 독립)
   계열             지점      회수     @10     @20     @50
   apply         201   86.1%   82.6%   85.1%   86.1%
   apply-in      254   86.2%   63.8%   66.9%   76.4%
   rewrite       121   96.7%   63.6%   71.1%   76.9%
   rewrite-in     66   89.4%   45.5%   53.0%   65.2%
   그외            152   16.4%    8.6%   10.5%   13.2%
   전체            794   74.7%   56.4%   60.2%   65.9%

■ VAL · PERCHAN(채널별 독립)
   계열             지점      회수     @10     @20     @50
   apply          47   97.9%   78.7%   85.1%   97.9%
   apply-in        8   87.5%    0.0%    0.0%   12.5%
   rewrite        25  100.0%   68.0%   72.0%   76.0%
   rewrite-in     47   95.7%   63.8%   74.5%   80.9%
   그외             44    9.1%    6.8%    6.8%    6.8%
   전체            171   74.3%   50.9%   56.1%   62.6%

■ TEST · PERCHAN(채널별 독립)
   계열             지점      회수     @10     @20     @50
   apply          60   96.7%   85.0%   93.3%   96.7%
   apply-in       49   91.8%   63.3%   69.4%   77.6%
   rewrite        17   94.1%   76.5%   76.5%   82.4%
   rewrite-in     47   89.4%   42.6%   59.6%   70.2%
   그외             26    7.7%    0.0%    3.8%    7.7%
   전체            199   81.9%   57.8%   66.3%   72.9%
PERCHAN_DONE
