   [v9_env] 27개 적용: AUGMENT_V2=1 CUTS_PATH=data/cut_plans_all.jsonl CUT_DROP_HOPELESS=1 DEFS_TOKENS=300 DP_CACHE_SIZE=2048 DYNAMIC_PADDING=1 …
■ 랜덤 인덱스 사전점검   TRAIN 2,009,606 중 300건 (seed=12345)
   인덱스 범위 6,679 ~ 2,009,207 · 중앙 1,425,926

   100/300  (52s)
   200/300  (88s)
   300/300  (117s)

■ 결과 (300건 · 117s)

   P4 ★★ 정답이 쓰는 이름이 **잘려서** 안 보인다                        1    0.33%
        idx=1692662 subst_arr
   cut 적용                                               15    5.00%
   하위스텝 assert                                          11    3.67%
   하위스텝 final                                            4    1.33%

■ P6 구간별 분포 (cut 적용률)
     00%     23건  cut    2    8.7%
     10%     34건  cut    0    0.0%
     20%     17건  cut    0    0.0%
     30%     20건  cut    2   10.0%
     40%     16건  cut    2   12.5%
     50%     23건  cut    1    4.3%
     60%     16건  cut    2   12.5%
     70%     21건  cut    0    0.0%
     80%     20건  cut    1    5.0%
     90%    110건  cut    5    4.5%

★ 치명 항목:
   · P4 ★★ 정답이 쓰는 이름이 **잘려서** 안 보인다  (1건)
