==== ① 절제 (v5 VAL)
■ all_log/r11_poolin_coqealgraphtheoryfourcolorreglang_val.jsonl
   167지점 · 그룹 4

   설정                           파라    지점      @5     @10     @20       중앙
   기준 (전체−idf)                  57   110    50.9%    59.1%    72.7%        4
   + idf (누출성)                  61   110    39.1%    49.1%    60.9%       10

   − lcp                        51   110    50.0%    60.9%    72.7%        4
   − lgg                        51   110    49.1%    56.4%    70.9%        4
   − e                          51   110    50.0%    61.8%    74.5%        4
   − z                          52   110    51.8%    60.9%    72.7%        4
   − nm                         56   110    50.9%    59.1%    72.7%        4
   − ing                        55   110    50.9%    60.0%    72.7%        4
   − hp                         53   110    50.9%    59.1%    72.7%        4
   − occ                        56   110    50.9%    59.1%    72.7%        4
   − ch                         53   110    47.3%    60.0%    71.8%        5
   − lex                        57   110    50.9%    59.1%    72.7%        4
   − nov                        56   110    50.9%    59.1%    72.7%        4
   − std                        55   110    48.2%    59.1%    66.4%        5
   − slen                       52   110    53.6%    62.7%    72.7%        4
   − nbind                      53   110    52.7%    60.0%    70.9%        4
   − nsym                       52   110    51.8%    62.7%    70.9%        4
   − rig                        52   110    36.4%    42.7%    50.9%       16

■ 빼면 @10 이 얼마나 변하나 (기준 59.1%)
   rig     -16.4pp   ★필수
   lgg      -2.7pp   ★필수
   nm       +0.0pp   무해
   hp       +0.0pp   무해
   occ      +0.0pp   무해
   lex      +0.0pp   무해
   nov      +0.0pp   무해
   std      +0.0pp   무해
   ing      +0.9pp   ★빼면 좋음
   ch       +0.9pp   ★빼면 좋음
   nbind    +0.9pp   ★빼면 좋음
   lcp      +1.8pp   ★빼면 좋음
   z        +1.8pp   ★빼면 좋음
   e        +2.7pp   ★빼면 좋음
   slen     +3.6pp   ★빼면 좋음
   nsym     +3.6pp   ★빼면 좋음

■ 조합 — 말뭉치 없는 특징만으로
   설정                           파라    지점      @5     @10     @20       중앙
   ① 핵심 5개                      24   110    34.5%    44.5%    50.0%       14
   ② 핵심 + slen/nbind/nsym       38   110    37.3%    40.9%    50.9%       16
   ③ 핵심 + idf                   28   110    23.6%    29.1%    36.4%       40
   ④ 전체 − idf                   57   110    50.9%    59.1%    72.7%        4
   ⑤ lgg 단독                      6   110    33.6%    43.6%    51.8%       13
   ⑥ lgg + lcp                  12   110    38.2%    46.4%    55.5%       11
ABLATE_DONE
==== ② 극소 조합 (v5 VAL)
   조합                         파라    지점      @5     @10     @20     중앙
   lgg+lcp                    12   110    39.1%    46.4%    53.6%     11
   lgg+lcp+rig                17   110    55.5%    66.4%    74.5%      4
   lgg+lcp+rig+std            19   110    58.2%    68.2%    75.5%      2
   lgg+lcp+rig+ing            19   110    55.5%    66.4%    74.5%      4
   lgg+lcp+rig+std+ing        21   110    58.2%    68.2%    75.5%      2
   lgg+lcp+rig+nov            18   110    55.5%    66.4%    74.5%      4
   lgg+lcp+rig+hp             21   110    56.4%    66.4%    74.5%      4
   +occ                       22   110    58.2%    68.2%    75.5%      2
   +nm                        22   110    58.2%    68.2%    75.5%      2
   rig단독                       5   110    53.6%    64.5%    74.5%      4
COMBO_DONE
==== ③ 구간 굵히기 (v5 VAL)
   설정                           파라    지점      @5     @10     @20     중앙
   기준 6+6+5+2+2=21              21   110    60.0%    69.1%    78.2%      3
   lgg4 lcp4 rig4 → 16          16   110    59.1%    70.0%    79.1%      2
   lgg4 lcp4 rig3 → 15          15   110    54.5%    60.0%    77.3%      3
   lgg3 lcp3 rig3 → 13          13   110    53.6%    59.1%    76.4%      4
   lgg3 lcp3 rig2 → 12          12   110    59.1%    66.4%    73.6%      3
   lgg2 lcp2 rig2 → 10          10   110    56.4%    63.6%    70.9%      3
   학습0 (고정식·파라0)                 0   110    60.9%    65.5%    72.7%      2
SHRINK_DONE
==== ④ 전이 TRAIN→VAL (TEST 는 수집 완료 후)
■ TRAIN all_log/r11_pool_train.jsonl · 146지점 · 특징 ['ing', 'lcp', 'lgg', 'rig', 'std']
   양성 65 · 음성 109025 · 파라미터 21
     w('rig', 4) = +7.98 bit
     w('lgg', 4) = +5.18 bit
     w('rig', 0) = -4.50 bit
     w('rig', 3) = +3.94 bit
     w('ing', 0) = -2.95 bit
     w('lcp', 4) = +2.72 bit
     w('lgg', 3) = +2.47 bit
     w('std', 1) = -1.90 bit
     w('lgg', 1) = -1.80 bit
     w('lcp', 3) = +1.60 bit
     w('rig', 1) = +1.47 bit
     w('lgg', 5) = +1.26 bit

■ r11_poolin_coqealgraphtheoryfourcolorreglang_val.jsonl ← TRAIN 고정 가중치  (분모=전체지점)
   gold 형태         지점      @5     @10     @20     중앙
   전체             110    53.6%    59.1%    72.7%      4
   apply           70    64.3%    67.1%    80.0%      2
   rewrite         33    42.4%    51.5%    66.7%      8
   rewrite-in       7     0.0%    14.3%    28.6%     49
TRANSFER_DONE
SUITE_DONE
