■ TRAIN 470행 (중복 제거 452)
   4형태 지점 352 · 파일 88 · 5겹 CV
   K=0 (고정): CV 자기@10 30.7%
   K=1 (lam): CV 자기@10 35.0%
   K=2 (beta,lam): CV 자기@10 34.7%
   K=3 (beta,lam,mu): CV 자기@10 36.0%
   ★ 선택 K=1 (최고 K=3 대비 +1.0pp)
   동결 가중치 [share overlap rig std] = +1.000 +1.000 +1.100 +0.000

■ TRAIN (재적합 — 참고용, 정직한 수치는 위 CV) · 자기 채널 평가 (분모=형태 전체 지점)
   형태              지점     채널회수      @5     @10     @20     중앙
   전체             352    49.4%    33.8%    34.9%    37.2%      2
   apply          124    71.0%    60.5%    62.1%    66.9%      1
   apply-in       106    33.0%    19.8%    20.8%    20.8%      4
   rewrite         88    48.9%    21.6%    22.7%    25.0%     16
   rewrite-in      34    23.5%    11.8%    11.8%    11.8%     24

(VAL: 171행 · 중복 제거 55 · 4형태 123)

■ VAL ← TRAIN 동결 가중치 · 자기 채널 평가 (분모=형태 전체 지점)
   형태              지점     채널회수      @5     @10     @20     중앙
   전체             123    91.1%    35.8%    49.6%    57.7%      8
   apply           49    91.8%    51.0%    67.3%    77.6%      4
   apply-in         6    50.0%     0.0%     0.0%    16.7%     44
   rewrite         28   100.0%    46.4%    57.1%    71.4%      6
   rewrite-in      40    90.0%    15.0%    30.0%    30.0%     50

(TEST: 199행 · 중복 제거 33 · 4형태 172)

■ TEST ← TRAIN 동결 가중치 · 자기 채널 평가 (분모=형태 전체 지점)
   형태              지점     채널회수      @5     @10     @20     중앙
   전체             172    81.4%    47.7%    55.2%    61.6%      4
   apply           61    82.0%    62.3%    68.9%    77.0%      2
   apply-in        49    69.4%    44.9%    49.0%    53.1%      2
   rewrite         18    94.4%    44.4%    55.6%    61.1%      6
   rewrite-in      44    88.6%    31.8%    43.2%    50.0%     14
PRETTY_DONE
