■ TRAIN 468행 (중복 제거 452)
   4형태 지점 350 · 파일 87 · 5겹 CV
   K=0 (고정): CV 자기@10 31.7%
   K=1 (lam): CV 자기@10 36.0%
   K=2 (beta,lam): CV 자기@10 35.7%
   K=3 (beta,lam,mu): CV 자기@10 37.1%
   ★ 선택 K=3 (최고 K=3 대비 +0.0pp)
   동결 가중치 [share overlap rig std] = +1.000 +1.819 +1.131 -1.011

■ TRAIN (재적합 — 참고용, 정직한 수치는 위 CV) · 자기 채널 평가 (분모=형태 전체 지점 · 하나라도/모두 구분)
   형태              지점     채널회수     @10     @20     @50    @10모두    @20모두     중앙
   전체             350    49.7%    36.9%    38.9%    44.9%     35.4%     37.1%      1
   apply          124    71.0%    63.7%    67.7%    70.2%     62.1%     66.1%      1
   apply-in       105    34.3%    21.9%    21.9%    26.7%     21.9%     21.9%      2
   rewrite         88    48.9%    26.1%    28.4%    42.0%     22.7%     23.9%      8
   rewrite-in      33    21.2%    12.1%    12.1%    15.2%     12.1%     12.1%      3

(VAL: 171행 · 중복 제거 55 · 4형태 123)

■ VAL ← TRAIN 동결 가중치 · 자기 채널 평가 (분모=형태 전체 지점 · 하나라도/모두 구분)
   형태              지점     채널회수     @10     @20     @50    @10모두    @20모두     중앙
   전체             123    91.1%    52.0%    58.5%    73.2%     52.0%     58.5%      7
   apply           49    91.8%    69.4%    75.5%    89.8%     69.4%     75.5%      3
   apply-in         6    50.0%     0.0%    16.7%    16.7%      0.0%     16.7%     91
   rewrite         28   100.0%    60.7%    71.4%    89.3%     60.7%     71.4%      6
   rewrite-in      40    90.0%    32.5%    35.0%    50.0%     32.5%     35.0%     27

(TEST: 199행 · 중복 제거 33 · 4형태 172)

■ TEST ← TRAIN 동결 가중치 · 자기 채널 평가 (분모=형태 전체 지점 · 하나라도/모두 구분)
   형태              지점     채널회수     @10     @20     @50    @10모두    @20모두     중앙
   전체             172    81.4%    55.8%    64.0%    68.6%     55.8%     62.2%      3
   apply           61    82.0%    70.5%    80.3%    82.0%     70.5%     75.4%      2
   apply-in        49    69.4%    49.0%    53.1%    61.2%     49.0%     53.1%      2
   rewrite         18    94.4%    61.1%    66.7%    72.2%     61.1%     66.7%      6
   rewrite-in      44    88.6%    40.9%    52.3%    56.8%     40.9%     52.3%     13
PRETTY_DONE
