■ TRAIN 470행 (중복 제거 452)
   4형태 지점 352 · 파일 88 · 5겹 CV
   K=0 (고정): CV 자기@10 31.0%
   K=1 (lam): CV 자기@10 35.3%
   K=2 (beta,lam): CV 자기@10 34.9%
   K=3 (beta,lam,mu): CV 자기@10 36.2%
   ★ 선택 K=1 (최고 K=3 대비 +1.0pp)
   동결 가중치 [share overlap rig std] = +1.000 +1.000 +1.100 +0.000

■ TRAIN (재적합 — 참고용, 정직한 수치는 위 CV) · 자기 채널 평가 (분모=형태 전체 지점 · 하나라도/모두 구분)
   형태              지점     채널회수     @10     @20     @50    @10모두    @20모두     중앙
   전체             352    50.0%    35.2%    37.5%    42.9%     33.8%     35.8%      2
   apply          124    71.0%    62.1%    66.9%    71.0%     60.5%     65.3%      1
   apply-in       106    34.9%    21.7%    21.7%    27.4%     21.7%     21.7%      4
   rewrite         88    48.9%    22.7%    25.0%    33.0%     19.3%     20.5%     16
   rewrite-in      34    23.5%    11.8%    11.8%    14.7%     11.8%     11.8%     24

(VAL: 171행 · 중복 제거 55 · 4형태 123)

■ VAL ← TRAIN 동결 가중치 · 자기 채널 평가 (분모=형태 전체 지점 · 하나라도/모두 구분)
   형태              지점     채널회수     @10     @20     @50    @10모두    @20모두     중앙
   전체             123    91.1%    49.6%    57.7%    70.7%     49.6%     57.7%      8
   apply           49    91.8%    67.3%    77.6%    87.8%     67.3%     77.6%      4
   apply-in         6    50.0%     0.0%    16.7%    33.3%      0.0%     16.7%     44
   rewrite         28   100.0%    57.1%    71.4%    85.7%     57.1%     71.4%      6
   rewrite-in      40    90.0%    30.0%    30.0%    45.0%     30.0%     30.0%     50

(TEST: 199행 · 중복 제거 33 · 4형태 172)

■ TEST ← TRAIN 동결 가중치 · 자기 채널 평가 (분모=형태 전체 지점 · 하나라도/모두 구분)
   형태              지점     채널회수     @10     @20     @50    @10모두    @20모두     중앙
   전체             172    81.4%    55.2%    61.6%    68.0%     55.2%     60.5%      4
   apply           61    82.0%    68.9%    77.0%    82.0%     68.9%     73.8%      2
   apply-in        49    69.4%    49.0%    53.1%    61.2%     49.0%     53.1%      2
   rewrite         18    94.4%    55.6%    61.1%    72.2%     55.6%     61.1%      6
   rewrite-in      44    88.6%    43.2%    50.0%    54.5%     43.2%     50.0%     14
PRETTY_DONE
