■ TRAIN 470행 (중복 제거 452)
   4형태 지점 357 · 파일 89 · 5겹 CV
   K=0 (고정): CV 자기@10 32.1%
   K=1 (lam): CV 자기@10 36.6%
   K=2 (beta,lam): CV 자기@10 36.2%
   K=3 (beta,lam,mu): CV 자기@10 37.6%
   ★ 선택 K=1 (최고 K=3 대비 +1.0pp)
   동결 가중치 [share overlap rig std] = +1.000 +1.000 +1.100 +0.000

■ TRAIN (재적합 — 참고용, 정직한 수치는 위 CV) · 자기 채널 평가 (분모=형태 전체 지점 · 하나라도/모두 구분)
   형태              지점     채널회수     @10     @20     @50    @10모두    @20모두     중앙
   전체             357    49.6%    34.5%    36.7%    41.7%     33.3%     35.3%      2
   apply          111    73.0%    64.0%    69.4%    73.0%     63.1%     68.5%      1
   apply-in       118    33.9%    22.0%    22.0%    27.1%     22.0%     22.0%      2
   rewrite         80    52.5%    25.0%    27.5%    36.2%     21.2%     22.5%     16
   rewrite-in      48    29.2%    12.5%    12.5%    14.6%     12.5%     12.5%     88

(VAL: 171행 · 중복 제거 55 · 4형태 127)

■ VAL ← TRAIN 동결 가중치 · 자기 채널 평가 (분모=형태 전체 지점 · 하나라도/모두 구분)
   형태              지점     채널회수     @10     @20     @50    @10모두    @20모두     중앙
   전체             127    91.3%    46.5%    52.0%    66.1%     46.5%     52.0%     10
   apply           47    91.5%    66.0%    76.6%    87.2%     66.0%     76.6%      4
   apply-in         8    87.5%     0.0%     0.0%    25.0%      0.0%      0.0%    120
   rewrite         25   100.0%    64.0%    72.0%    88.0%     64.0%     72.0%      5
   rewrite-in      47    87.2%    25.5%    25.5%    40.4%     25.5%     25.5%     57

(TEST: 199행 · 중복 제거 31 · 4형태 173)

■ TEST ← TRAIN 동결 가중치 · 자기 채널 평가 (분모=형태 전체 지점 · 하나라도/모두 구분)
   형태              지점     채널회수     @10     @20     @50    @10모두    @20모두     중앙
   전체             173    87.3%    58.4%    65.3%    72.3%     58.4%     64.2%      4
   apply           60    81.7%    68.3%    76.7%    81.7%     68.3%     73.3%      2
   apply-in        49    89.8%    63.3%    69.4%    75.5%     63.3%     69.4%      2
   rewrite         17    94.1%    52.9%    58.8%    70.6%     52.9%     58.8%      6
   rewrite-in      47    89.4%    42.6%    48.9%    57.4%     42.6%     48.9%     15
PRETTY_DONE
