■ TRAIN · 정리 569 · 저장소 3 · 병렬 2 · 건너뜀 {'vo없음': 2}
   … 10/569 · 기록 33
   … 20/569 · 기록 45
   … 30/569 · 기록 46
   … 40/569 · 기록 51
   … 50/569 · 기록 51
   … 60/569 · 기록 58
   … 70/569 · 기록 68
   … 80/569 · 기록 70
   … 90/569 · 기록 88
   … 100/569 · 기록 118
   … 110/569 · 기록 119
   … 120/569 · 기록 119
   … 130/569 · 기록 130
   … 140/569 · 기록 135
   … 150/569 · 기록 135
   … 160/569 · 기록 136
   … 170/569 · 기록 136
   … 180/569 · 기록 142
   … 190/569 · 기록 157
   … 200/569 · 기록 175
   … 210/569 · 기록 192
   … 220/569 · 기록 206
   … 230/569 · 기록 221
   … 240/569 · 기록 231
   … 250/569 · 기록 231
   … 260/569 · 기록 231
   … 270/569 · 기록 233
   … 280/569 · 기록 239
   … 290/569 · 기록 256
   … 300/569 · 기록 271
   … 310/569 · 기록 287
   … 320/569 · 기록 300
   … 330/569 · 기록 311
   … 340/569 · 기록 313
   … 350/569 · 기록 316
   … 360/569 · 기록 323
   … 370/569 · 기록 323
   … 380/569 · 기록 323
   … 390/569 · 기록 323
   … 400/569 · 기록 343
   … 410/569 · 기록 345
   … 420/569 · 기록 345
   … 430/569 · 기록 353
   … 440/569 · 기록 366
   … 450/569 · 기록 369
   … 460/569 · 기록 373
   … 470/569 · 기록 373
   … 480/569 · 기록 373
   … 490/569 · 기록 376
   … 500/569 · 기록 378
   … 510/569 · 기록 380
   … 520/569 · 기록 398
   … 530/569 · 기록 400
   … 540/569 · 기록 402
   … 550/569 · 기록 402
   … 560/569 · 기록 407

■ TRAIN gold 생존 (지역변수 인자 제외)
   uds-psl-coq-library-undecidability   245    23.7%  지역 24
   HoTT-Coq-HoTT                   93     3.2%  지역 1
   tr                              19    47.4%  지역 27
TRAIN_POOL_DONE
