■ TRAIN 552행 (중복 제거 463) · 토큰표 N=313,125
   4형태 지점 439 · 파일 107 · 5겹 CV
   K=0 (고정): CV 자기@10 25.6%
   K=1 (lam): CV 자기@10 29.0%
   K=2 (lam,rho): CV 자기@10 33.5%
   K=3 (beta,lam,rho): CV 자기@10 33.5%
   K=4 (beta,lam,mu,rho): CV 자기@10 32.8%
   K=5 (beta,lam,mu,rho,kap): CV 자기@10 32.8%
   K=6 (lam,rho,rhh): CV 자기@10 33.3%
   ★ 선택 K=2 (최고 K=2 대비 +0.0pp)
   동결 가중치 [share overlap rig std rec d lex lexrwh] = +1.000 +1.000 +1.005 +0.000 +0.000 +0.000 +7.963 +0.000

■ TRAIN (재적합 — 참고용, 정직한 수치는 위 CV) · 자기 채널 평가 (분모=형태 전체 지점 · 하나라도/모두 구분)
   형태              지점     채널회수     @10     @20     @50    @10모두    @20모두     중앙
   전체             439    40.3%    32.1%    33.3%    36.2%     31.0%     32.1%      1
   apply          111    73.0%    67.6%    69.4%    73.0%     66.7%     68.5%      1
   apply-in       179    22.3%    14.5%    15.1%    17.3%     14.5%     15.1%      3
   rewrite         80    52.5%    41.2%    43.8%    48.8%     36.2%     38.8%      2
   rewrite-in      69    20.3%    10.1%    10.1%    11.6%     10.1%     10.1%     24

(VAL: 171행 · 중복 제거 55 · 4형태 127)

■ VAL ← TRAIN 동결 가중치 · 자기 채널 평가 (분모=형태 전체 지점 · 하나라도/모두 구분)
   형태              지점     채널회수     @10     @20     @50    @10모두    @20모두     중앙
   전체             127    91.3%    55.1%    59.8%    76.4%     55.1%     59.8%      7
   apply           47    91.5%    76.6%    78.7%    91.5%     76.6%     78.7%      3
   apply-in         8    87.5%     0.0%     0.0%    37.5%      0.0%      0.0%     83
   rewrite         25   100.0%    64.0%    80.0%    88.0%     64.0%     80.0%      3
   rewrite-in      47    87.2%    38.3%    40.4%    61.7%     38.3%     40.4%     22

(TEST: 199행 · 중복 제거 73 · 4형태 173)

■ TEST ← TRAIN 동결 가중치 · 자기 채널 평가 (분모=형태 전체 지점 · 하나라도/모두 구분)
   형태              지점     채널회수     @10     @20     @50    @10모두    @20모두     중앙
   전체             173    91.3%    68.2%    75.7%    80.9%     67.6%     74.0%      2
   apply           60    93.3%    85.0%    91.7%    93.3%     83.3%     86.7%      1
   apply-in        49    89.8%    65.3%    71.4%    79.6%     65.3%     71.4%      2
   rewrite         17    94.1%    82.4%    88.2%    88.2%     82.4%     88.2%      4
   rewrite-in      47    89.4%    44.7%    55.3%    63.8%     44.7%     55.3%     11
PRETTY_DONE
CHAIN_DONE
