■ TRAIN 470행 (중복 제거 452) · 토큰표 N=302,456
   4형태 지점 357 · 파일 89 · 5겹 CV
   K=0 (고정): CV 자기@10 32.1%
   K=1 (lam): CV 자기@10 36.6%
   K=2 (lam,rho): CV 자기@10 41.8%
   K=3 (beta,lam,rho): CV 자기@10 42.3%
   K=4 (beta,lam,mu,rho): CV 자기@10 41.8%
   K=5 (beta,lam,mu,rho,kap): CV 자기@10 42.2%
   K=6 (lam,rho,rhh): CV 자기@10 42.0%
   ★ 선택 K=2 (최고 K=3 대비 +0.5pp)
   동결 가중치 [share overlap rig std rec d lex lexrwh] = +1.000 +1.000 +1.019 +0.000 +0.000 +0.000 +7.700 +0.000

■ TRAIN (재적합 — 참고용, 정직한 수치는 위 CV) · 자기 채널 평가 (분모=형태 전체 지점 · 하나라도/모두 구분)
   형태              지점     채널회수     @10     @20     @50    @10모두    @20모두     중앙
   전체             357    49.6%    39.2%    40.9%    44.5%     37.8%     39.5%      1
   apply          111    73.0%    67.6%    69.4%    73.0%     66.7%     68.5%      1
   apply-in       118    33.9%    22.0%    22.9%    26.3%     22.0%     22.9%      2
   rewrite         80    52.5%    41.2%    43.8%    48.8%     36.2%     38.8%      2
   rewrite-in      48    29.2%    12.5%    14.6%    16.7%     12.5%     14.6%     31

(VAL: 171행 · 중복 제거 55 · 4형태 127)

■ VAL ← TRAIN 동결 가중치 · 자기 채널 평가 (분모=형태 전체 지점 · 하나라도/모두 구분)
   형태              지점     채널회수     @10     @20     @50    @10모두    @20모두     중앙
   전체             127    91.3%    54.3%    59.8%    77.2%     54.3%     59.8%      7
   apply           47    91.5%    76.6%    78.7%    91.5%     76.6%     78.7%      3
   apply-in         8    87.5%     0.0%     0.0%    37.5%      0.0%      0.0%     79
   rewrite         25   100.0%    64.0%    80.0%    92.0%     64.0%     80.0%      3
   rewrite-in      47    87.2%    36.2%    40.4%    61.7%     36.2%     40.4%     22

(TEST: 199행 · 중복 제거 73 · 4형태 173)

■ TEST ← TRAIN 동결 가중치 · 자기 채널 평가 (분모=형태 전체 지점 · 하나라도/모두 구분)
   형태              지점     채널회수     @10     @20     @50    @10모두    @20모두     중앙
   전체             173    91.3%    69.4%    76.3%    80.9%     68.8%     74.6%      2
   apply           60    93.3%    86.7%    91.7%    93.3%     85.0%     86.7%      1
   apply-in        49    89.8%    67.3%    73.5%    79.6%     67.3%     73.5%      2
   rewrite         17    94.1%    82.4%    88.2%    88.2%     82.4%     88.2%      4
   rewrite-in      47    89.4%    44.7%    55.3%    63.8%     44.7%     55.3%     11
PRETTY_DONE
OFFICIAL_DONE
