■ TRAIN · 정리 347 · 저장소 2 · 병렬 2 · 건너뜀 {'vo없음': 2}
   … 10/347 · 기록 33
   … 20/347 · 기록 45
   … 30/347 · 기록 72
   … 40/347 · 기록 95
   … 50/347 · 기록 115
   … 60/347 · 기록 134
   … 70/347 · 기록 150
   … 80/347 · 기록 171
   … 90/347 · 기록 193
   … 100/347 · 기록 230
   … 110/347 · 기록 240
   … 120/347 · 기록 256
   … 130/347 · 기록 269
   … 140/347 · 기록 291
   … 150/347 · 기록 311
   … 160/347 · 기록 325
   … 170/347 · 기록 345
   … 180/347 · 기록 361
   … 190/347 · 기록 381
   … 200/347 · 기록 399
   … 210/347 · 기록 416
   … 220/347 · 기록 430
   … 230/347 · 기록 446
   … 240/347 · 기록 464
   … 250/347 · 기록 478
   … 260/347 · 기록 504
   … 270/347 · 기록 524
   … 280/347 · 기록 537
   … 290/347 · 기록 554
   … 300/347 · 기록 569
   … 310/347 · 기록 585
   … 320/347 · 기록 598
   … 330/347 · 기록 616
   … 340/347 · 기록 631

■ TRAIN gold 생존 (지역변수 인자 제외)
   uds-psl-coq-library-undecidability   473    85.8%  지역 116
   tr                              19    47.4%  지역 27
TRAIN_POOL_DONE
