■ TRAIN 794행 (중복 제거 717) · 토큰표 N=586,629
   4형태 지점 642 · 파일 145 · 5겹 CV
   K=0 (고정): CV 자기@10 54.8%
   K=1 (lam): CV 자기@10 59.1%
   K=2 (lam,rho): CV 자기@10 65.8%
   K=3 (beta,lam,rho): CV 자기@10 65.8%
   K=4 (beta,lam,mu,rho): CV 자기@10 67.3%
   K=5 (beta,lam,mu,rho,kap): CV 자기@10 66.7%
   K=6 (lam,rho,rhh): CV 자기@10 65.9%
   ★ 선택 K=4 (최고 K=4 대비 +0.0pp)
   동결 가중치 [share overlap rig std rec d lex lexrwh] = +1.000 +1.002 +1.026 -0.998 +0.000 +0.000 +8.021 +0.000

■ TRAIN (재적합 — 참고용, 정직한 수치는 위 CV) · 자기 채널 평가 (분모=형태 전체 지점 · 하나라도/모두 구분)
   형태              지점     채널회수     @10     @20     @50    @10모두    @20모두     중앙
   전체             642    88.5%    67.3%    71.7%    80.1%     62.3%     66.7%      2
   apply          201    86.1%    82.6%    82.6%    85.6%     75.1%     75.1%      1
   apply-in       254    86.2%    62.6%    67.7%    78.3%     61.0%     66.1%      2
   rewrite        121    96.7%    66.1%    71.9%    83.5%     58.7%     64.5%      4
   rewrite-in      66    89.4%    40.9%    53.0%    63.6%     34.8%     47.0%     14

(VAL: 171행 · 중복 제거 55 · 4형태 127)

■ VAL ← TRAIN 동결 가중치 · 자기 채널 평가 (분모=형태 전체 지점 · 하나라도/모두 구분)
   형태              지점     채널회수     @10     @20     @50    @10모두    @20모두     중앙
   전체             127    96.9%    59.1%    63.0%    78.7%     59.1%     63.0%      7
   apply           47    97.9%    80.9%    83.0%    91.5%     80.9%     83.0%      3
   apply-in         8    87.5%     0.0%     0.0%    37.5%      0.0%      0.0%    117
   rewrite         25   100.0%    68.0%    72.0%    88.0%     68.0%     72.0%      3
   rewrite-in      47    95.7%    42.6%    48.9%    68.1%     42.6%     48.9%     16

(TEST: 199행 · 중복 제거 73 · 4형태 173)

■ TEST ← TRAIN 동결 가중치 · 자기 채널 평가 (분모=형태 전체 지점 · 하나라도/모두 구분)
   형태              지점     채널회수     @10     @20     @50    @10모두    @20모두     중앙
   전체             173    93.1%    67.6%    75.7%    81.5%     67.1%     74.0%      2
   apply           60    96.7%    85.0%    93.3%    96.7%     83.3%     88.3%      1
   apply-in        49    91.8%    65.3%    71.4%    81.6%     65.3%     71.4%      2
   rewrite         17    94.1%    70.6%    82.4%    82.4%     70.6%     82.4%      4
   rewrite-in      47    89.4%    46.8%    55.3%    61.7%     46.8%     55.3%      9
PRETTY_DONE
ALIAS_PRETTY_DONE
