── verify_cut_wiring
   ✓ (1) gold 가 전부 보이면 **cut 하지 않는다**   rewrite add_comm, mul_comm.
   ✓ (2) 안 보이는 것**만** assert · 보이는 것은 그대로   assert (forall x y : nat, x * y = y * x) as H_asrt0. { exact mul_comm. } ⏎ rewrite add_comm, H_asrt0.
   ✓ (2') 둘 다 안 보이면 둘 다 assert   assert (forall x y : nat, x + y = y + x) as H_asrt0. { exact add_comm. } ⏎ assert (forall x y : 
   ✓ (3) 전체 조립이 되면 **모든 부분집합도** 된다 (생성 시점 검증의 전제)
   ✓ (4) `add_comm'` 을 `add_comm` 으로 오인하지 않는다   assert (forall x y : nat, x + y = y + x) as H_asrt0. { exact add_comm. }

==============================================================
✓ 배선 정상
── verify_substep
   sub 3:  가설 [n, Hn, H_asrt0]  ⊢ forall x y : nat, x * y = y * x
   sub 4:  가설 [n, Hn, H_asrt0, H_asrt1]  ⊢ Q n

   ✓ G2  goal 과 가설이 하위스텝마다 정확히 맞는다
   ✓ G2b 원래 가설(Γ)이 보존된다
   ✓ G2c [SCRIPT] 가 앞선 하위스텝을 포함하고 자기 자신은 없다   sub4 스크립트에 assert 2개 + exact 2개
   ✓ G5  선택이 결정적 (같은 sid → 항상 같은 하위스텝)
   ✓ G7  조각 최대 22토큰 < 전체 67토큰 (예산 여유가 생긴다)
   ✓ G8  assert 가 없으면 하위스텝이 1개(원래 tactic 그대로)

==============================================================
✓ 전 항목 통과
── verify_u1 300
   … cut 50건 (61s)
   … cut 100건 (116s)
   … cut 150건 (159s)
   … cut 200건 (203s)
   … cut 250건 (265s)
   … cut 300건 (326s)

■ 결과 (cut 프롬프트 300건 / 시도 554건)

     ✓ 프롬프트에 있다                                      22
     하위스텝 assert                                    107
     하위스텝 close  ← exact 가 여기 산다                     84
     하위스텝 final                                     109
   cut 프롬프트                                         300
   exact 대상                                          22
   계획은 있으나 cut 미적용(gold 가 보였다)                      254

   exact 대상 가시율 22/22 = 100.0%

✓ 치명 항목 없음
── preflight_random 300

■ 결과 (300건 · 115s)

   P4 ★★ 정답이 쓰는 이름이 **잘려서** 안 보인다                        2    0.67%
        idx=1984542 PExpr_eq_spec
        idx=1692662 subst_arr
   cut 적용                                               14    4.67%
   하위스텝 assert                                          10    3.33%
   하위스텝 final                                            4    1.33%

■ P6 구간별 분포 (cut 적용률)
     00%     23건  cut    2    8.7%
     10%     34건  cut    0    0.0%
     20%     17건  cut    0    0.0%
     30%     20건  cut    2   10.0%
     40%     16건  cut    2   12.5%
     50%     23건  cut    1    4.3%
     60%     16건  cut    2   12.5%
     70%     21건  cut    0    0.0%
     80%     20건  cut    1    5.0%
     90%    110건  cut    4    3.6%

★ 치명 항목:
   · P4 ★★ 정답이 쓰는 이름이 **잘려서** 안 보인다  (2건)
── scan_prompts 600

■ 결과 (완성 프롬프트 600건)

   L5 정답이 프롬프트 꼬리와 겹친다                                       3    0.50%
   N2 ★ 같은 정규화 이름이 두 번 선언됐다                                  2    0.33%
        idx=1681529 L9
        idx=1681529 L6
   N3 같은 문장이 두 번 (이름만 다름)                                   70   11.67%
   N5 ★ 주석 안 정규화                                             1    0.17%
        idx=1728331 (* T1=Bool *)
   Q3 premise 중복                                            25    4.17%
   Q4 [STATE] 가 비었다                                        111   18.50%
   S3 빈 [PREMISES]                                         138   23.00%
   T1 2048 초과                                               51    8.50%
   cut 적용                                                   39    6.50%

★ 치명 항목:
   · N2 ★ 같은 정규화 이름이 두 번 선언됐다  (2건)
   · N5 ★ 주석 안 정규화  (1건)
── audit_train_path 40
■ 학습 경로 감사   TRAIN 2,009,606 · 구간 9곳 × 40건 = 360건

■ 결과 (검사 360건)

   C 2048 초과                                       27    7.5%

✓ 치명 항목 없음 — 전 구간에서 학습 경로 정상
===== 재검증 끝 =====
