■ 실험 전 동적 자기검사
   [✓] rrf     `a+b=b+a` 로 add_comm 이 1위인가 → Lemma add_comm
   [✓] struct  `a+b=b+a` 로 add_comm 이 1위인가 → Lemma add_comm
   [✓] eqa  이름이 달라도 α-동치로 잡는가 (x,y ↔ p,q) → True
   [✓] eqa  공허 premise(⊥)에는 발화하지 않는가 → True
   [✓] eqx  발화 ⟺ exact 성공 (4건)
   [✓] C_RENAME 개명 질의가 α-동치로 잡히는가 → forall (zq0 zq1 : nat), zq0 + zq1 = zq1 + zq0
   [✓] afh100(τ=1) 점수가 eqx 와 동일한가 (족의 끝점) → True
   [✓] assert 이름이 기존 H_asrt0 을 피하는가 → assert (forall n : nat, n <= n) as H_asrta0. { exact (L). }
   [✓] evar 타입이 eassert + _ 로 구제되는가 → eassert (forall (l : list _) (d : _), nth 0 l d = d) as H_asrt0. { exa
   자기검사: 통과
   100/3000  (97s · 0.97s/건 · C 68건 · D 24건)
   200/3000  (188s · 0.94s/건 · C 131건 · D 53건)
   300/3000  (275s · 0.92s/건 · C 184건 · D 71건)
   400/3000  (373s · 0.93s/건 · C 247건 · D 100건)
   500/3000  (470s · 0.94s/건 · C 301건 · D 124건)
   600/3000  (570s · 0.95s/건 · C 348건 · D 146건)
   700/3000  (664s · 0.95s/건 · C 416건 · D 172건)
   800/3000  (760s · 0.95s/건 · C 474건 · D 197건)
   900/3000  (861s · 0.96s/건 · C 534건 · D 216건)
   1000/3000  (964s · 0.96s/건 · C 600건 · D 247건)
   1100/3000  (1058s · 0.96s/건 · C 663건 · D 277건)
   1200/3000  (1165s · 0.97s/건 · C 724건 · D 300건)
   1300/3000  (1255s · 0.97s/건 · C 781건 · D 319건)
   1400/3000  (1355s · 0.97s/건 · C 834건 · D 347건)
   1500/3000  (1448s · 0.97s/건 · C 900건 · D 371건)
   1600/3000  (1551s · 0.97s/건 · C 965건 · D 397건)
   1700/3000  (1644s · 0.97s/건 · C 1026건 · D 423건)
   1800/3000  (1807s · 1.00s/건 · C 1082건 · D 449건)
   1900/3000  (2024s · 1.07s/건 · C 1142건 · D 467건)
   2000/3000  (2121s · 1.06s/건 · C 1204건 · D 484건)
   2100/3000  (2233s · 1.06s/건 · C 1270건 · D 506건)
   2200/3000  (2333s · 1.06s/건 · C 1334건 · D 530건)
   2300/3000  (2432s · 1.06s/건 · C 1396건 · D 558건)
   2400/3000  (2529s · 1.05s/건 · C 1461건 · D 585건)
