   [v9_env] 36개 적용: ADMIT_MIN_FILES=2 AUGMENT_V2=1 CUTS_PATH=data/cut_plans_all.jsonl CUT_DROP_HOPELESS=1 DEFS_TOKENS=300 DP_CACHE_SIZE=2048 …
■ TRAIN 총 2,009,606 스텝 · 표본 300 · hard_seq_len 2048

   … 100/300 (30s)
   … 200/300 (70s)
   … 300/300 (108s)

■ 결과 (예제 300 · 108s)

       └ final (H_asrt 를 쓴다)               6  (  2.0%)
       ├ assert (명제를 세운다)                  6  (  2.0%)
     §DEFINITIONS                        244  ( 81.3%)
     §LTAC                                39  ( 13.0%)
     §NOTATION                           117  ( 39.0%)
     §PREMISES                           300  (100.0%)
     §PROOFS                             300  (100.0%)
     §SCRIPT                             300  (100.0%)
     §STATE                              300  (100.0%)
     §TYPES                              154  ( 51.3%)
     ⚠ hard_seq_len 초과                    30  ( 10.0%)
   ★ cut — assert/final                   12  (  4.0%)
   ★ cut 후보 — close(exact L) 형태            6  (  2.0%)
   예제                                    300  (100.0%)
   정규화 적용                                294  ( 98.0%)

   ■ 무작위성 — 서로 다른 파일 **287개** / 예제 300개  (한 파일 최다 4회)
      방문 순서 앞 12개: MessageProperties.v · RingMicromega.v · EST7_4.v · Weaken.v · Basics.v · ObsCongruence.v · ua_quotient_algebra.v · NaturalFacts.v · insertion_sort.v · gpaco10.v · papc_lab1_fromscratch.v · Basics.v

   ■ 길이  중앙 1315 · p90 2049 · p99 2691 · 최대 2699   (상한 2048)

   ■ 폐기  DROP_HALLUC 3건 · uncovered 0건
