########## TRAIN / train ##########
   … 200/600 (86s)
   … 400/600 (145s)
   … 600/600 (218s)

■ TRAIN · 모드 train · 예제 600 (218s)

     ① 익명 토큰 (프롬프트에서 읽는다)                        5  (  7.1%)
     ② stdlib 실명 (안다고 가정)                       34  ( 48.6%)
     ③ 실명이지만 프롬프트에 있음                           31  ( 44.3%)
   cut 주입(assert/final)                         22  (  3.7%)
   예제                                          600  (100.0%)
   외부 참조 이름                                     70  ( 11.7%)
   외부 참조를 쓰는 예제                                 61  ( 10.2%)
   정규화 적용                                      593  ( 98.8%)

   익명 접두사: {'f': 1, 'L': 4}
   L# 인덱스: 중앙 13 · p75 18 · p90 18 · 최대 18
   정답 첫 토큰 상위: ['Proof:64', 'Qed:51', 'apply:49', 'intros:45', 'rewrite:30', 'reflexivity:25', 'exact:23', 'destruct:22']

########## TRAIN / eval ##########
   … 200/600 (75s)
   … 400/600 (125s)
   … 600/600 (186s)

■ TRAIN · 모드 eval · 예제 600 (186s)

     ① 익명 토큰 (프롬프트에서 읽는다)                        4  (  3.3%)
     ② stdlib 실명 (안다고 가정)                       45  ( 37.2%)
     ③ 실명이지만 프롬프트에 있음                           57  ( 47.1%)
     ④ ★실명이고 프롬프트에 없음 (외워야 함)                   15  ( 12.4%)
   cut 주입(assert/final)                         23  (  3.8%)
   예제                                          600  (100.0%)
   외부 참조 이름                                    121  ( 20.2%)
   외부 참조를 쓰는 예제                                 92  ( 15.3%)
   정규화 적용                                      560  ( 93.3%)

   익명 접두사: {'f': 1, 'L': 3}
   L# 인덱스: 중앙 13 · p75 18 · p90 18 · 최대 18
   정답 첫 토큰 상위: ['Proof:58', 'Qed:51', 'apply:49', 'intros:43', 'rewrite:33', 'reflexivity:24', 'exact:23', 'destruct:22']

########## VAL / eval ##########
   … 200/600 (55s)
   … 400/600 (106s)
   … 600/600 (156s)

■ VAL · 모드 eval · 예제 600 (156s)

     ① 익명 토큰 (프롬프트에서 읽는다)                       12  (  2.9%)
     ② stdlib 실명 (안다고 가정)                       92  ( 22.3%)
     ③ 실명이지만 프롬프트에 있음                          190  ( 46.0%)
     ④ ★실명이고 프롬프트에 없음 (외워야 함)                  119  ( 28.8%)
   cut 주입(assert/final)                         33  (  5.5%)
   예제                                          600  (100.0%)
   외부 참조 이름                                    413  ( 68.8%)
   외부 참조를 쓰는 예제                                226  ( 37.7%)
   정규화 적용                                      461  ( 76.8%)

   익명 접두사: {'L': 12}
   L# 인덱스: 중앙 23 · p75 24 · p90 32 · 최대 38
   정답 첫 토큰 상위: ['apply:76', 'Proof:53', 'rewrite:49', 'intros:45', 'Qed:42', 'by:37', 'case:28', 'exact:24']

########## TEST / eval ##########

★ cut 파일 커버리지 부족 — 조용히 기능이 죽는다.
   파일        data/cut_plans_all.jsonl
   스캔 범위    [0, 0)
   필요 범위    [0, 177,207)   (Split.TEST)
   범위 밖 스텝은 cut 치환도 CUT_DROP_HOPELESS 도 작동하지 않는다.
   메우려면:  python3 scripts/build_cuts.py 197207 test <out> 0
   (의도한 부분 실행이면 CUTS_ALLOW_PARTIAL=1)

   … 200/600 (129s)
   … 400/600 (222s)
   … 600/600 (325s)

■ TEST · 모드 eval · 예제 600 (325s)

     ① 익명 토큰 (프롬프트에서 읽는다)                       17  (  6.2%)
     ② stdlib 실명 (안다고 가정)                       74  ( 27.0%)
     ③ 실명이지만 프롬프트에 있음                          115  ( 42.0%)
     ④ ★실명이고 프롬프트에 없음 (외워야 함)                   68  ( 24.8%)
   예제                                          600  (100.0%)
   외부 참조 이름                                    274  ( 45.7%)
   외부 참조를 쓰는 예제                                163  ( 27.2%)
   정규화 적용                                      596  ( 99.3%)

   익명 접두사: {'L': 14, 'f': 3}
   L# 인덱스: 중앙 20 · p75 24 · p90 26 · 최대 26
   정답 첫 토큰 상위: ['apply:70', 'intros:56', 'rewrite:53', 'Proof:40', 'Qed:38', 'destruct:36', 'Pcase:22', 'eapply:19']

[SHIFT_DONE]
