
■ 결과 (완성 프롬프트 1200건)

   L3 ★ 정답의 이름이 절단 후 안 보인다                                   2    0.17%
        idx=294448 L14 ← apply L14; auto.
        idx=1445472 L2 ← apply L2.
   L3 ★ 정답이 쓰는 이름이 절단 후 안 보인다                                1    0.08%
        idx=1681365 Permutation
   L5 정답이 프롬프트 꼬리와 겹친다                                       1    0.08%
   N1 ★ 정규화 이름의 선언이 프롬프트에 없다                                 2    0.17%
        idx=1912239 f1
        idx=1912239 f2
   N3 같은 문장이 두 번 (이름만 다름)                                  132   11.00%
   N5 ★ 문자열 안 정규화                                            2    0.17%
        idx=411558 ") (C0 "
        idx=982051 "%string)] [T0 "
   N5 ★ 주석 안 정규화                                             1    0.08%
        idx=1258096
   Q3 premise 중복                                            32    2.67%
   Q4 [STATE] 가 비었다                                        190   15.83%
   S3 빈 [PREMISES]                                         242   20.17%
   T1 2048 초과                                              108    9.00%
   cut 적용                                                   48    4.00%

★ 치명 항목:
   · L3 ★ 정답의 이름이 절단 후 안 보인다  (2건)
   · L3 ★ 정답이 쓰는 이름이 절단 후 안 보인다  (1건)
   · N1 ★ 정규화 이름의 선언이 프롬프트에 없다  (2건)
   · N5 ★ 문자열 안 정규화  (2건)
   · N5 ★ 주석 안 정규화  (1건)
