■ 1단: 정리 187 · 병렬 2
   … 10/187 · 지점 26
   … 20/187 · 지점 51
   … 30/187 · 지점 71
   … 40/187 · 지점 96
   … 50/187 · 지점 115
   … 60/187 · 지점 142
   … 70/187 · 지점 162
   … 80/187 · 지점 186
   … 90/187 · 지점 214
   … 100/187 · 지점 241
   … 110/187 · 지점 255
   … 120/187 · 지점 276
   … 130/187 · 지점 303
   … 140/187 · 지점 331
   … 150/187 · 지점 355
   … 160/187 · 지점 371
   … 170/187 · 지점 396
   … 180/187 · 지점 414
■ 2단: 랭킹·프롬프트 (427 지점)

■ 필터 → 랭킹 → 프롬프트 (CompCert 427 지점)

── ① gold 살리는 비율 · ② 필터링 비율 ──
   후보 우주 (환경 전체)   21,323개
   필터 통과 (중앙)        974개   = 4.57%  (22배 축소)
   ★ gold 생존             58.0%

── ③ 채널별 후보 수 ──
   apply      중앙 334 · p25 288 · p75 390 · p90 430 · max 550
   apply…in   중앙 242 · p25 75 · p75 315 · p90 431 · max 1,259
   rewrite    중앙 286 · p25 132 · p75 489 · p90 681 · max 1,011
   unfold     중앙 0 · p25 0 · p75 0 · p90 0 · max 0
   destruct   중앙 0 · p25 0 · p75 0 · p90 0 · max 0

■ ④ 전체  (427 지점)
   ▸ 대상 tactic : apply 136 · destruct 107 · rewrite 69 · unfold 66 · induction 23 · case 9 · exact 8 · 기타 5 · elim 4
   ▸ 제외 : 지역변수 인자 131개 (검색 대상 아님)
   ▸ @K = 랭킹 순위 · 프롬프트 = 실제 [PREMISES] 진입
   풀               개수      풀에     @10     @20     @50    @100      순위중앙      프롬프트
   현행           2,035   47.0%   32.8%   36.8%   41.9%   43.6%         2     48.0%
   필터후            974   58.0%   21.5%   30.4%   47.8%   51.9%        18     35.2%
   합집합          3,180   61.5%   32.8%   41.6%   45.9%   51.0%         7     49.0%
   적용가능           972   57.4%   32.1%   38.9%   43.9%   47.6%         6     44.3%
   ⚠ 필터 통과분에 gold 이 58.0% — 목표 100% 미달. 채널 배선/상한을 의심하라

■ ④ gold = apply  (136 지점)
   ▸ 대상 tactic : apply 136
   ▸ 제외 : 지역변수 인자 19개 (검색 대상 아님)
   ▸ @K = 랭킹 순위 · 프롬프트 = 실제 [PREMISES] 진입
   풀               개수      풀에     @10     @20     @50    @100      순위중앙      프롬프트
   현행           2,057   70.9%   56.4%   59.0%   68.4%   69.2%         1     56.4%
   필터후          1,020   95.7%   39.7%   52.6%   75.0%   81.9%        14     43.1%
   합집합          3,144   97.4%   54.7%   66.7%   70.9%   78.6%         4     53.8%
   적용가능         1,020   94.9%   60.7%   67.5%   74.4%   80.3%         2     54.7%

■ ④ gold = rewrite  (69 지점)
   ▸ 대상 tactic : rewrite 69
   ▸ 제외 : 지역변수 인자 16개 (검색 대상 아님)
   ▸ @K = 랭킹 순위 · 프롬프트 = 실제 [PREMISES] 진입
   풀               개수      풀에     @10     @20     @50    @100      순위중앙      프롬프트
   현행           1,383   77.4%   47.2%   62.3%   67.9%   69.8%         4     54.7%
   필터후            986   94.3%   22.6%   41.5%   83.0%   90.6%        22     52.8%
   합집합          2,456   94.3%   50.9%   69.8%   81.1%   88.7%         8     60.4%
   적용가능           986   94.3%   34.0%   54.7%   66.0%   73.6%        12     64.2%
   ⚠ 필터 통과분에 gold 이 94.3% — 목표 100% 미달. 채널 배선/상한을 의심하라

■ ④ gold = unfold  (66 지점)
   ▸ 대상 tactic : unfold 66
   ▸ 제외 : 지역변수 인자 3개 (검색 대상 아님)
   ▸ @K = 랭킹 순위 · 프롬프트 = 실제 [PREMISES] 진입
   풀               개수      풀에     @10     @20     @50    @100      순위중앙      프롬프트
   현행           2,853    1.6%    0.0%    0.0%    0.0%    0.0%     1,958     49.2%
   필터후            824    1.6%    1.6%    1.6%    1.6%    1.6%         2     18.0%
   합집합          3,286    3.2%    0.0%    0.0%    1.6%    1.6%     1,410     47.6%
   적용가능           809    1.6%    0.0%    0.0%    1.6%    1.6%        41     17.5%
   ⚠ 필터 통과분에 gold 이 1.6% — 목표 100% 미달. 채널 배선/상한을 의심하라

■ ④ gold = destruct  (107 지점)
   ▸ 대상 tactic : destruct 107
   ▸ 제외 : 지역변수 인자 61개 (검색 대상 아님)
   ▸ @K = 랭킹 순위 · 프롬프트 = 실제 [PREMISES] 진입
   풀               개수      풀에     @10     @20     @50    @100      순위중앙      프롬프트
   현행           2,399   15.2%    2.2%    4.3%    6.5%   10.9%        50     19.6%
   필터후          1,138    4.3%    0.0%    0.0%    4.3%    4.3%        32     17.4%
   합집합          3,520   17.4%    2.2%    4.3%    6.5%   10.9%        65     28.3%
   적용가능         1,139    4.3%    2.2%    2.2%    2.2%    2.2%       170     32.6%
   ⚠ 필터 통과분에 gold 이 4.3% — 목표 100% 미달. 채널 배선/상한을 의심하라
