
★ cut 파일 커버리지 부족 — 조용히 기능이 죽는다.
   파일        data/cut_plans_all.jsonl
   스캔 범위    [0, 0)
   필요 범위    [0, 177,207)   (Split.TEST)
   범위 밖 스텝은 cut 치환도 CUT_DROP_HOPELESS 도 작동하지 않는다.
   메우려면:  python3 scripts/build_cuts.py 197207 test <out> 0
   (의도한 부분 실행이면 CUTS_ALLOW_PARTIAL=1)


■ TEST · 예제 250

       ├ 매핑 자체가 다름                        17
     └ ★선언 없음                            140
     └ ★학습 선언 없음                         140
     └ 선언 있음                            4579
     └ 학습 선언 있음                         4598
     매핑 있음                               250
     매핑 항목                              7463
   A 프롬프트에 보이는 익명 토큰                    7280
   B 왕복 성공                               250
   C 미지 이름 보존                            250
   D ★프롬프트 불일치                            17
   D 학습 프롬프트와 동일                         233
   E 프롬프트의 L# 토큰                        4719
   E' 학습 프롬프트의 L# 토큰                    4738
   예제                                    250

   매핑 있는 예제 250/250 · 항목 평균 29.9
     [replace] 학습: 'L22'
           평가: 'Vzero'
     [replace] 학습: 'L16'
           평가: 'subnDA'
     [replace] 학습: 'L13'
           평가: 'empty_env'
