   … 300/1200 (113s)
   … 600/1200 (249s)
   … 900/1200 (342s)
   … 1200/1200 (465s)

■ TRAIN · 예제 1200 (465s)

     ① 익명 토큰                          12  (  9.0%)
     ② stdlib                         77  ( 57.5%)
     ③ 실명·프롬프트에 있음                    44  ( 32.8%)
     ④ 프롬프트에 없음                        1  (  0.7%)
   예제                               1200  (100.0%)
   외부 참조 이름                          134  ( 11.2%)

   ■ ③ 이 나타나는 섹션 (중복 허용 · 분모 = ③ 44개)
      SCRIPT            34  ( 77.3%)
      STATE             26  ( 59.1%)
      PROOFS            19  ( 43.2%)
      PREMISES           8  ( 18.2%)
      TYPES              2  (  4.5%)
      NOTATION           1  (  2.3%)
      DEFINITIONS        1  (  2.3%)

   ■ **그 섹션에서만** 보이는 경우 (배타적)
      (둘 이상 섹션)         28  ( 63.6%)
      SCRIPT             9  ( 20.5%)
      PROOFS             3  (  6.8%)
      STATE              2  (  4.5%)
      PREMISES           1  (  2.3%)
      TYPES              1  (  2.3%)
